07:47:04 **** Incremental Build of configuration Debug for project calc ****
make all 
make --no-print-directory pre-build
a9-linaro-pre-build-step
 
make --no-print-directory main-build
Building file: ../src/helloworld.c
Invoking: ARM v7 gcc compiler
arm-none-eabi-gcc -Wall -O0 -g3 -c -fmessage-length=0 -MT"src/helloworld.o" -mcpu=cortex-a9 -mfpu=vfpv3 -mfloat-abi=hard -I/home/zain/workdir/ZYNQ-Processor-Calculator/software/design_1_wrapper_2/export/design_1_wrapper_2/sw/design_1_wrapper_2/standalone_ps7_cortexa9_0/bspinclude/include -MMD -MP -MF"src/helloworld.d" -MT"src/helloworld.o" -o "src/helloworld.o" "../src/helloworld.c"
In file included from ../src/helloworld.c:51:
/home/zain/workdir/ZYNQ-Processor-Calculator/software/design_1_wrapper_2/export/design_1_wrapper_2/sw/design_1_wrapper_2/standalone_ps7_cortexa9_0/bspinclude/include/xbasic_types.h:102:2: warning: #warning The xbasics_type.h file is deprecated and users should use xil_types.h and xil_assert. [-Wcpp]
  102 | #warning  The xbasics_type.h file is deprecated and users should use xil_types.h and xil_assert.
      |  ^~~~~~~
/home/zain/workdir/ZYNQ-Processor-Calculator/software/design_1_wrapper_2/export/design_1_wrapper_2/sw/design_1_wrapper_2/standalone_ps7_cortexa9_0/bspinclude/include/xbasic_types.h:103:2: warning: #warning Please refer the Standalone BSP UG647 for further details [-Wcpp]
  103 | #warning  Please refer the Standalone BSP UG647 for further details
      |  ^~~~~~~
Finished building: ../src/helloworld.c
 
Building target: calc.elf
Invoking: ARM v7 gcc linker
arm-none-eabi-gcc -mcpu=cortex-a9 -mfpu=vfpv3 -mfloat-abi=hard -Wl,-build-id=none -specs=Xilinx.spec -Wl,-T -Wl,../src/lscript.ld -L/home/zain/workdir/ZYNQ-Processor-Calculator/software/design_1_wrapper_2/export/design_1_wrapper_2/sw/design_1_wrapper_2/standalone_ps7_cortexa9_0/bsplib/lib -o "calc.elf"  ./src/helloworld.o ./src/platform.o   -Wl,--start-group,-lxil,-lgcc,-lc,--end-group
Finished building target: calc.elf
 
Invoking: ARM v7 Print Size
arm-none-eabi-size calc.elf  |tee "calc.elf.size"
   text	   data	    bss	    dec	    hex	filename
  22301	   1144	  22568	  46013	   b3bd	calc.elf
Finished building: calc.elf.size
 

07:47:05 Build Finished (took 720ms)

