Nothing to build in platform 'design_1_wrapper_4'

10:32:01 **** Incremental Build of configuration Debug for project calc_proj ****
make all 
make --no-print-directory pre-build
a9-linaro-pre-build-step
 
make --no-print-directory main-build
Building file: ../src/calculator.c
Invoking: ARM v7 gcc compiler
arm-none-eabi-gcc -Wall -O0 -g3 -c -fmessage-length=0 -MT"src/calculator.o" -mcpu=cortex-a9 -mfpu=vfpv3 -mfloat-abi=hard -I/home/zain/workdir/ZYNQ-Processor-Calculator/software/design_1_wrapper_4/export/design_1_wrapper_4/sw/design_1_wrapper_4/standalone_ps7_cortexa9_0/bspinclude/include -MMD -MP -MF"src/calculator.d" -MT"src/calculator.o" -o "src/calculator.o" "../src/calculator.c"
In file included from ../src/calculator.c:4:
/home/zain/workdir/ZYNQ-Processor-Calculator/software/design_1_wrapper_4/export/design_1_wrapper_4/sw/design_1_wrapper_4/standalone_ps7_cortexa9_0/bspinclude/include/xbasic_types.h:102:2: warning: #warning The xbasics_type.h file is deprecated and users should use xil_types.h and xil_assert. [-Wcpp]
  102 | #warning  The xbasics_type.h file is deprecated and users should use xil_types.h and xil_assert.
      |  ^~~~~~~
/home/zain/workdir/ZYNQ-Processor-Calculator/software/design_1_wrapper_4/export/design_1_wrapper_4/sw/design_1_wrapper_4/standalone_ps7_cortexa9_0/bspinclude/include/xbasic_types.h:103:2: warning: #warning Please refer the Standalone BSP UG647 for further details [-Wcpp]
  103 | #warning  Please refer the Standalone BSP UG647 for further details
      |  ^~~~~~~
Finished building: ../src/calculator.c
 
Building target: calc_proj.elf
Invoking: ARM v7 gcc linker
arm-none-eabi-gcc -mcpu=cortex-a9 -mfpu=vfpv3 -mfloat-abi=hard -Wl,-build-id=none -specs=Xilinx.spec -Wl,-T -Wl,../src/lscript.ld -L/home/zain/workdir/ZYNQ-Processor-Calculator/software/design_1_wrapper_4/export/design_1_wrapper_4/sw/design_1_wrapper_4/standalone_ps7_cortexa9_0/bsplib/lib -o "calc_proj.elf"  ./src/calculator.o ./src/platform.o   -Wl,--start-group,-lxil,-lgcc,-lc,--end-group
Finished building target: calc_proj.elf
 
Invoking: ARM v7 Print Size
arm-none-eabi-size calc_proj.elf  |tee "calc_proj.elf.size"
   text	   data	    bss	    dec	    hex	filename
  22413	   1144	  22568	  46125	   b42d	calc_proj.elf
Finished building: calc_proj.elf.size
 
